../Core/Src/main.c:81:6:delay_us	16	static
../Core/Src/main.c:90:6:Set_Pin_Output	40	static
../Core/Src/main.c:99:6:Set_Pin_Input	40	static
../Core/Src/main.c:108:6:DHT11_Start	8	static
../Core/Src/main.c:118:9:DHT11_check_Response	16	static
../Core/Src/main.c:133:9:DHT11_Read	16	static
../Core/Src/main.c:156:5:main	248	static
../Core/Src/main.c:263:6:SystemClock_Config	88	static
../Core/Src/main.c:309:13:MX_ADC1_Init	24	static
../Core/Src/main.c:371:13:MX_ETH_Init	8	static
../Core/Src/main.c:420:13:MX_TIM1_Init	32	static
../Core/Src/main.c:466:13:MX_USART3_UART_Init	8	static
../Core/Src/main.c:499:13:MX_GPIO_Init	56	static
../Core/Src/main.c:556:1:__io_putchar	16	static
../Core/Src/main.c:570:6:Error_Handler	4	static,ignoring_inline_asm
