../Core/Src/main.c:71:6:delay_us	16	static
../Core/Src/main.c:80:6:Set_Pin_Output	32	static
../Core/Src/main.c:89:6:Set_Pin_Input	32	static
../Core/Src/main.c:98:6:DHT11_Start	8	static
../Core/Src/main.c:108:9:DHT11_check_Response	16	static
../Core/Src/main.c:123:9:DHT11_Read	16	static
../Core/Src/main.c:146:5:main	16	static
../Core/Src/main.c:225:6:SystemClock_Config	88	static
../Core/Src/main.c:271:13:MX_ADC1_Init	24	static
../Core/Src/main.c:328:13:MX_TIM1_Init	32	static
../Core/Src/main.c:374:13:MX_USART2_UART_Init	8	static
../Core/Src/main.c:407:13:MX_GPIO_Init	40	static
../Core/Src/main.c:440:1:__io_putchar	16	static
../Core/Src/main.c:454:6:Error_Handler	4	static,ignoring_inline_asm
